{"source":{"type":"local","path":"cache/plugins/6635e756386349348b325ce96956a3aa/org.apache.cordova.console/0.2.10"}}