{"source":{"type":"local","path":"cache/plugins/486eaf8d6392bb1387b4d084e380998a/com.phonegap.plugins.facebookconnect/0.10.1"}}