{"source":{"type":"local","path":"cache/plugins/dc9deb0015b04571914ebd95c404deb9/cc.fovea.cordova.purchase/3.9.0-beta.4"}}