<?xml version='1.0' encoding='utf-8'?>
<widget id="grunt.cordova.build" version="0.0.1" xmlns="http://www.w3.org/ns/widgets" xmlns:cdv="http://cordova.apache.org/ns/1.0" xmlns:gap="http://phonegap.com/ns/1.0">
    <preference name="AllowInlineMediaPlayback" value="false" />
    <preference name="AutoHideSplashScreen" value="true" />
    <preference name="BackupWebStorage" value="cloud" />
    <preference name="DisallowOverscroll" value="false" />
    <preference name="EnableViewportScale" value="false" />
    <preference name="FadeSplashScreen" value="true" />
    <preference name="FadeSplashScreenDuration" value=".25" />
    <preference name="KeyboardDisplayRequiresUserAction" value="true" />
    <preference name="MediaPlaybackRequiresUserAction" value="false" />
    <preference name="ShowSplashScreenSpinner" value="true" />
    <preference name="SuppressesIncrementalRendering" value="false" />
    <preference name="TopActivityIndicator" value="gray" />
    <preference name="GapBetweenPages" value="0" />
    <preference name="PageLength" value="0" />
    <preference name="PaginationBreakingMode" value="page" />
    <preference name="PaginationMode" value="unpaginated" />
    <feature name="LocalStorage">
        <param name="ios-package" value="CDVLocalStorage" />
    </feature>
    <feature name="Console">
        <param name="ios-package" value="CDVLogger" />
    </feature>
    <feature name="InAppPurchase">
        <param name="ios-package" value="InAppPurchase" />
    </feature>
    <feature name="FacebookConnectPlugin">
        <param name="ios-package" value="FacebookConnectPlugin" />
        <param name="onload" value="true" />
    </feature>
    <plugin name="FacebookConnectPlugin" value="FacebookConnectPlugin" />
    <access origin="https://m.facebook.com" />
    <access origin="https://graph.facebook.com" />
    <access origin="https://api.facebook.com" />
    <access origin="https://*.fbcdn.net" />
    <access origin="https://*.akamaihd.net" />
    <name>grunt-cordova-build</name>
    <description>cordova-app description</description>
    <author email="author@example.com" url="homepage@example.com" />
    <access origin="*" />
    <content src="index.html" />
    <gap:plugin name="org.apache.cordova.console" version="0.2.10" />
    <gap:plugin name="cc.fovea.cordova.purchase" version="3.9.0-beta.4" />
    <gap:plugin name="https://github.com/Wizcorp/phonegap-facebook-plugin.git" version="0.10.1">
        <param name="APP_ID" value="XXXXXXXXXXXXXXX" />
        <param name="APP_NAME" value="Fictional Facebook-App" />
    </gap:plugin>
</widget>
