<?xml version="1.0" encoding="UTF-8"?>
<widget id="grunt.cordova.build" version="0.0.1" xmlns="http://www.w3.org/ns/widgets" xmlns:cdv="http://cordova.apache.org/ns/1.0" xmlns:gap="http://phonegap.com/ns/1.0">
	<name>grunt-cordova-build</name>
	<description>cordova-app description</description>
	<author email="author@example.com" url="homepage@example.com"/>
	<access origin="*"/>
	<content src="index.html"/>
	<platform name="ios"/>
	<platform name="android"/>
	<gap:plugin version="0.2.10" name="org.apache.cordova.console"/>
	<gap:plugin version="3.9.0-beta.4" name="cc.fovea.cordova.purchase"/>
	<gap:plugin version="0.10.1" name="https://github.com/Wizcorp/phonegap-facebook-plugin.git">
		<param name="APP_ID" value="XXXXXXXXXXXXXXX"/>
		<param name="APP_NAME" value="Fictional Facebook-App"/>
	</gap:plugin>
</widget>