{
    "prepare_queue": {
        "installed": [],
        "uninstalled": []
    },
    "config_munge": {
        "files": {
            "AndroidManifest.xml": {
                "parents": {
                    "/manifest": [
                        {
                            "xml": "<uses-permission android:name=\"com.android.vending.BILLING\" />",
                            "count": 1
                        }
                    ],
                    "application": [
                        {
                            "xml": "<meta-data android:name=\"com.facebook.sdk.ApplicationId\" android:value=\"@string/fb_app_id\" />",
                            "count": 1
                        },
                        {
                            "xml": "<activity android:label=\"@string/fb_app_name\" android:name=\"com.facebook.LoginActivity\" android:theme=\"@android:style/Theme.Translucent.NoTitleBar\" />",
                            "count": 1
                        }
                    ]
                }
            },
            "res/xml/config.xml": {
                "parents": {
                    "/*": [
                        {
                            "xml": "<feature name=\"InAppBillingPlugin\"><param name=\"android-package\" value=\"com.smartmobilesoftware.inappbilling.InAppBillingPlugin\" /></feature>",
                            "count": 1
                        },
                        {
                            "xml": "<feature name=\"FacebookConnectPlugin\"><param name=\"android-package\" value=\"org.apache.cordova.facebook.ConnectPlugin\" /></feature>",
                            "count": 1
                        },
                        {
                            "xml": "<access origin=\"https://m.facebook.com\" />",
                            "count": 1
                        },
                        {
                            "xml": "<access origin=\"https://graph.facebook.com\" />",
                            "count": 1
                        },
                        {
                            "xml": "<access origin=\"https://api.facebook.com\" />",
                            "count": 1
                        },
                        {
                            "xml": "<access origin=\"https://*.fbcdn.net\" />",
                            "count": 1
                        },
                        {
                            "xml": "<access origin=\"https://*.akamaihd.net\" />",
                            "count": 1
                        }
                    ]
                }
            },
            "res/values/facebookconnect.xml": {
                "parents": {
                    "/*": [
                        {
                            "xml": "<string name=\"fb_app_id\">XXXXXXXXXXXXXXX</string>",
                            "count": 1
                        },
                        {
                            "xml": "<string name=\"fb_app_name\">Fictional Facebook-App</string>",
                            "count": 1
                        }
                    ]
                }
            }
        }
    },
    "installed_plugins": {
        "org.apache.cordova.console": {
            "PACKAGE_NAME": "grunt.cordova.build.example_app"
        },
        "cc.fovea.cordova.purchase": {
            "PACKAGE_NAME": "grunt.cordova.build.example_app"
        },
        "com.phonegap.plugins.facebookconnect": {
            "APP_ID": "XXXXXXXXXXXXXXX",
            "APP_NAME": "Fictional Facebook-App",
            "PACKAGE_NAME": "grunt.cordova.build.example_app"
        }
    },
    "dependent_plugins": {}
}