{
    "prepare_queue": {
        "installed": [],
        "uninstalled": []
    },
    "config_munge": {
        "files": {
            "config.xml": {
                "parents": {
                    "/*": [
                        {
                            "xml": "<feature name=\"Console\"><param name=\"ios-package\" value=\"CDVLogger\" /></feature>",
                            "count": 1
                        },
                        {
                            "xml": "<feature name=\"InAppPurchase\"><param name=\"ios-package\" value=\"InAppPurchase\" /></feature>",
                            "count": 1
                        },
                        {
                            "xml": "<feature name=\"FacebookConnectPlugin\"><param name=\"ios-package\" value=\"FacebookConnectPlugin\" /><param name=\"onload\" value=\"true\" /></feature>",
                            "count": 1
                        },
                        {
                            "xml": "<plugin name=\"FacebookConnectPlugin\" value=\"FacebookConnectPlugin\" />",
                            "count": 1
                        },
                        {
                            "xml": "<access origin=\"https://m.facebook.com\" />",
                            "count": 1
                        },
                        {
                            "xml": "<access origin=\"https://graph.facebook.com\" />",
                            "count": 1
                        },
                        {
                            "xml": "<access origin=\"https://api.facebook.com\" />",
                            "count": 1
                        },
                        {
                            "xml": "<access origin=\"https://*.fbcdn.net\" />",
                            "count": 1
                        },
                        {
                            "xml": "<access origin=\"https://*.akamaihd.net\" />",
                            "count": 1
                        }
                    ]
                }
            },
            "framework": {
                "parents": {
                    "StoreKit.framework": [
                        {
                            "xml": "false",
                            "count": 1
                        }
                    ],
                    "libsqlite3.dylib": [
                        {
                            "xml": "false",
                            "count": 1
                        }
                    ],
                    "Social.framework": [
                        {
                            "xml": "true",
                            "count": 1
                        }
                    ],
                    "Accounts.framework": [
                        {
                            "xml": "true",
                            "count": 1
                        }
                    ],
                    "Security.framework": [
                        {
                            "xml": "true",
                            "count": 1
                        }
                    ]
                }
            },
            "*-Info.plist": {
                "parents": {
                    "FacebookAppID": [
                        {
                            "xml": "<string>XXXXXXXXXXXXXXX</string>",
                            "count": 1
                        }
                    ],
                    "FacebookDisplayName": [
                        {
                            "xml": "<string>Fictional Facebook-App</string>",
                            "count": 1
                        }
                    ],
                    "CFBundleURLTypes": [
                        {
                            "xml": "<array><dict><key>CFBundleURLSchemes</key><array><string>fbXXXXXXXXXXXXXXX</string></array></dict></array>",
                            "count": 1
                        }
                    ]
                }
            }
        }
    },
    "installed_plugins": {
        "org.apache.cordova.console": {
            "PACKAGE_NAME": "grunt.cordova.build.example-app"
        },
        "cc.fovea.cordova.purchase": {
            "PACKAGE_NAME": "grunt.cordova.build.example-app"
        },
        "com.phonegap.plugins.facebookconnect": {
            "APP_ID": "XXXXXXXXXXXXXXX",
            "APP_NAME": "Fictional Facebook-App",
            "PACKAGE_NAME": "grunt.cordova.build.example-app"
        }
    },
    "dependent_plugins": {}
}