<?xml version='1.0' encoding='utf-8'?>
<resources>
    <string name="fb_app_id">XXXXXXXXXXXXXXX</string>
    <string name="fb_app_name">Fictional Facebook-App</string>
</resources>
