<?xml version='1.0' encoding='utf-8'?>
<widget id="grunt.cordova.build.example-app" version="0.0.1" xmlns="http://www.w3.org/ns/widgets" xmlns:cdv="http://cordova.apache.org/ns/1.0" xmlns:gap="http://phonegap.com/ns/1.0">
    <preference name="loglevel" value="DEBUG" />
    <feature name="InAppBillingPlugin">
        <param name="android-package" value="com.smartmobilesoftware.inappbilling.InAppBillingPlugin" />
    </feature>
    <feature name="FacebookConnectPlugin">
        <param name="android-package" value="org.apache.cordova.facebook.ConnectPlugin" />
    </feature>
    <access origin="https://m.facebook.com" />
    <access origin="https://graph.facebook.com" />
    <access origin="https://api.facebook.com" />
    <access origin="https://*.fbcdn.net" />
    <access origin="https://*.akamaihd.net" />
    <name>Example App</name>
    <gap:plugin name="org.apache.cordova.console" version="0.2.10" />
    <gap:plugin name="cc.fovea.cordova.purchase" version="3.9.0-beta.4" />
    <gap:plugin name="https://github.com/Wizcorp/phonegap-facebook-plugin.git" version="0.10.1">
        <param name="APP_ID" value="XXXXXXXXXXXXXXX" />
        <param name="APP_NAME" value="Fictional Facebook-App" />
    </gap:plugin>
</widget>
